----------------------------------------
Device: cuda
Context generator parameters: 7,825 (0.008 M)
LUT shape: (16, 16, 16, 16, 1)
LUT entries: 65,536 (0.066 M)
Total inference learned values: 73,361 (0.073 M)
----------------------------------------
Running one warm-up inference (excluded from benchmark)...
Warm-up finished.
[OK] 1/4 1.png | input: 720x1280 | latency: 9.936 ms | peak allocated: 235.87 MiB | reserved: 302.00 MiB
[OK] 2/4 2.png | input: 720x1280 | latency: 9.488 ms | peak allocated: 246.42 MiB | reserved: 360.00 MiB
[OK] 3/4 3.png | input: 720x1280 | latency: 9.290 ms | peak allocated: 246.42 MiB | reserved: 360.00 MiB
[OK] 4/4 4.png | input: 720x1280 | latency: 9.135 ms | peak allocated: 246.42 MiB | reserved: 360.00 MiB
----------------------------------------
LUT-Fuse inference finished
Measured images: 4
Input image sizes (HxW): 720x1280 (4 image(s))
Total inference time: 0.037849 sec
Average inference latency: 9.462 ms/image
Latency standard deviation: 0.301 ms
Throughput: 105.683 FPS
Total inference learned values: 73,361 (0.073 M)
Peak CUDA memory allocated: 246.42 MiB
Peak CUDA memory reserved: 360.00 MiB
Benchmark metrics: /ceph_data/fovert/etri_dh/LUT_FUSE/benchmark_metrics.txt
----------------------------------------
